// Jest Snapshot v1, https://goo.gl/fbAQLP

exports[`solution should Mon, 2 be Wen 1`] = `"Wen"`;
